#
# There is insufficient memory for the Java Runtime Environment to continue.
# Native memory allocation (mmap) failed to map 268435456 bytes for G1 virtual space
# Possible reasons:
#   The system is out of physical RAM or swap space
#   The process is running with CompressedOops enabled, and the Java Heap may be blocking the growth of the native heap
# Possible solutions:
#   Reduce memory load on the system
#   Increase physical memory or swap space
#   Check if swap backing store is full
#   Decrease Java heap size (-Xmx/-Xms)
#   Decrease number of Java threads
#   Decrease Java thread stack sizes (-Xss)
#   Set larger code cache with -XX:ReservedCodeCacheSize=
#   JVM is running with Zero Based Compressed Oops mode in which the Java heap is
#     placed in the first 32GB address space. The Java Heap base address is the
#     maximum limit for the native heap growth. Please use -XX:HeapBaseMinAddress
#     to set the Java Heap base and to place the Java Heap above 32GB virtual address.
# This output file may be truncated or incomplete.
#
#  Out of Memory Error (os_windows.cpp:3603), pid=14172, tid=13728
#
# JRE version:  (21.0.9+7) (build )
# Java VM: Java HotSpot(TM) 64-Bit Server VM (21.0.9+7-LTS-338, mixed mode, sharing, tiered, compressed oops, compressed class ptrs, g1 gc, windows-amd64)
# No core dump will be written. Minidumps are not enabled by default on client versions of Windows
#

---------------  S U M M A R Y ------------

Command Line: 

Host: AMD Ryzen 7 1800X Eight-Core Processor         , 16 cores, 15G,  Windows 11 , 64 bit Build 26100 (10.0.26100.5074)
Time: Tue Oct 21 18:21:22 2025 Hora de verano romance elapsed time: 2.090565 seconds (0d 0h 0m 2s)

---------------  T H R E A D  ---------------

Current thread (0x0000019af9c49880):  JavaThread "Unknown thread" [_thread_in_vm, id=13728, stack(0x000000315f500000,0x000000315f600000) (1024K)]

Stack: [0x000000315f500000,0x000000315f600000]
Native frames: (J=compiled Java code, j=interpreted, Vv=VM code, C=native code)
V  [jvm.dll+0x6cbf89]
V  [jvm.dll+0x858421]
V  [jvm.dll+0x85a94e]
V  [jvm.dll+0x85b023]
V  [jvm.dll+0x27ebc6]
V  [jvm.dll+0x6c8705]
V  [jvm.dll+0x6bd26a]
V  [jvm.dll+0x354a0a]
V  [jvm.dll+0x35c686]
V  [jvm.dll+0x3af79e]
V  [jvm.dll+0x3afa48]
V  [jvm.dll+0x328d1c]
V  [jvm.dll+0x32987b]
V  [jvm.dll+0x821739]
V  [jvm.dll+0x3bc481]
V  [jvm.dll+0x80a9b8]
V  [jvm.dll+0x45166e]
V  [jvm.dll+0x453261]
C  [jli.dll+0x52a3]
C  [ucrtbase.dll+0x37b0]
C  [KERNEL32.DLL+0x2e8d7]
C  [ntdll.dll+0x8d9c]


---------------  P R O C E S S  ---------------

Threads class SMR info:
_java_thread_list=0x00007fffaf8afc08, length=0, elements={
}

Java Threads: ( => current thread )
Total: 0

Other Threads:
  0x0000019af9cade30 WorkerThread "GC Thread#0"                     [id=13704, stack(0x000000315f600000,0x000000315f700000) (1024K)]
  0x0000019af9cc0250 ConcurrentGCThread "G1 Main Marker"            [id=13616, stack(0x000000315f700000,0x000000315f800000) (1024K)]
  0x0000019af9cc0c60 WorkerThread "G1 Conc#0"                       [id=10276, stack(0x000000315f800000,0x000000315f900000) (1024K)]

[error occurred during error reporting (printing all threads), id 0xc0000005, EXCEPTION_ACCESS_VIOLATION (0xc0000005) at pc=0x00007fffaf01b4a7]
VM state: not at safepoint (not fully initialized)

VM Mutex/Monitor currently owned by a thread:  ([mutex/lock_event])
[0x00007fffaf920ef0] Heap_lock - owner thread: 0x0000019af9c49880

Heap address: 0x0000000700e00000, size: 4082 MB, Compressed Oops mode: Zero based, Oop shift amount: 3

CDS archive(s) mapped at: [0x0000000000000000-0x0000000000000000-0x0000000000000000), size 0, SharedBaseAddress: 0x0000000800000000, ArchiveRelocationMode: 1.
Narrow klass base: 0x0000000000000000, Narrow klass shift: 0, Narrow klass range: 0x0

GC Precious Log:
 CardTable entry size: 512
 Card Set container configuration: InlinePtr #cards 4 size 8 Array Of Cards #cards 16 size 48 Howl #buckets 8 coarsen threshold 3686 Howl Bitmap #cards 512 size 80 coarsen threshold 460 Card regions per heap region 1 cards per card region 4096

Heap:
 garbage-first heap   total 0K, used 0K [0x0000000700e00000, 0x0000000800000000)
  region size 2048K, 0 young (0K), 0 survivors (0K)

[error occurred during error reporting (printing heap information), id 0xc0000005, EXCEPTION_ACCESS_VIOLATION (0xc0000005) at pc=0x00007fffaf404ff9]
GC Heap History (0 events):
No events

Dll operation events (1 events):
Event: 0.048 Loaded shared library C:\Program Files\Java\jdk-21\bin\java.dll

Deoptimization events (0 events):
No events

Classes loaded (0 events):
No events

Classes unloaded (0 events):
No events

Classes redefined (0 events):
No events

Internal exceptions (0 events):
No events

ZGC Phase Switch (0 events):
No events

VM Operations (0 events):
No events

Events (0 events):
No events


Dynamic libraries:
0x00007ff6cb1f0000 - 0x00007ff6cb200000 	C:\Program Files\Java\jdk-21\bin\java.exe
0x00007ff847ac0000 - 0x00007ff847d29000 	C:\Windows\SYSTEM32\ntdll.dll
0x00007ff846050000 - 0x00007ff846119000 	C:\Windows\System32\KERNEL32.DLL
0x00007ff844c50000 - 0x00007ff845043000 	C:\Windows\System32\KERNELBASE.dll
0x00007ff845740000 - 0x00007ff84588b000 	C:\Windows\System32\ucrtbase.dll
0x00007ff81ec00000 - 0x00007ff81ec1b000 	C:\Program Files\Java\jdk-21\bin\VCRUNTIME140.dll
0x00007ff81c9d0000 - 0x00007ff81c9e9000 	C:\Program Files\Java\jdk-21\bin\jli.dll
0x00007ff847360000 - 0x00007ff847414000 	C:\Windows\System32\ADVAPI32.dll
0x00007ff8462d0000 - 0x00007ff846379000 	C:\Windows\System32\msvcrt.dll
0x00007ff847840000 - 0x00007ff8478e6000 	C:\Windows\System32\sechost.dll
0x00007ff845890000 - 0x00007ff8459a8000 	C:\Windows\System32\RPCRT4.dll
0x00007ff847670000 - 0x00007ff847834000 	C:\Windows\System32\USER32.dll
0x00007ff8370f0000 - 0x00007ff837383000 	C:\Windows\WinSxS\amd64_microsoft.windows.common-controls_6595b64144ccf1df_6.0.26100.5074_none_3e0d6f78e32fd63f\COMCTL32.dll
0x00007ff845440000 - 0x00007ff845467000 	C:\Windows\System32\win32u.dll
0x00007ff8479d0000 - 0x00007ff8479fb000 	C:\Windows\System32\GDI32.dll
0x00007ff845310000 - 0x00007ff84543d000 	C:\Windows\System32\gdi32full.dll
0x00007ff845690000 - 0x00007ff845733000 	C:\Windows\System32\msvcp_win.dll
0x00007ff83efa0000 - 0x00007ff83efab000 	C:\Windows\SYSTEM32\VERSION.dll
0x00007ff846290000 - 0x00007ff8462bf000 	C:\Windows\System32\IMM32.DLL
0x00007ff81ebf0000 - 0x00007ff81ebfc000 	C:\Program Files\Java\jdk-21\bin\vcruntime140_1.dll
0x00007ffff8a80000 - 0x00007ffff8b0e000 	C:\Program Files\Java\jdk-21\bin\msvcp140.dll
0x00007fffaece0000 - 0x00007fffaf9fd000 	C:\Program Files\Java\jdk-21\bin\server\jvm.dll
0x00007ff8459b0000 - 0x00007ff845a24000 	C:\Windows\System32\WS2_32.dll
0x00007ff844ab0000 - 0x00007ff844b0e000 	C:\Windows\SYSTEM32\POWRPROF.dll
0x00007ff839c90000 - 0x00007ff839cc5000 	C:\Windows\SYSTEM32\WINMM.dll
0x00007ff844a90000 - 0x00007ff844aa4000 	C:\Windows\SYSTEM32\UMPDC.dll
0x00007ff843a30000 - 0x00007ff843a4b000 	C:\Windows\SYSTEM32\kernel.appcore.dll
0x00007ff81c9a0000 - 0x00007ff81c9aa000 	C:\Program Files\Java\jdk-21\bin\jimage.dll
0x00007ff837390000 - 0x00007ff8375d2000 	C:\Windows\SYSTEM32\DBGHELP.DLL
0x00007ff846fe0000 - 0x00007ff84735b000 	C:\Windows\System32\combase.dll
0x00007ff846150000 - 0x00007ff846227000 	C:\Windows\System32\OLEAUT32.dll
0x00007ff82d8f0000 - 0x00007ff82d92d000 	C:\Windows\SYSTEM32\dbgcore.DLL
0x00007ff8455f0000 - 0x00007ff845689000 	C:\Windows\System32\bcryptPrimitives.dll
0x00007ff81c980000 - 0x00007ff81c99f000 	C:\Program Files\Java\jdk-21\bin\java.dll

dbghelp: loaded successfully - version: 4.0.5 - missing functions: none
symbol engine: initialized successfully - sym options: 0x614 - pdb path: .;C:\Program Files\Java\jdk-21\bin;C:\Windows\SYSTEM32;C:\Windows\WinSxS\amd64_microsoft.windows.common-controls_6595b64144ccf1df_6.0.26100.5074_none_3e0d6f78e32fd63f;C:\Program Files\Java\jdk-21\bin\server

VM Arguments:
java_command: <unknown>
java_class_path (initial): <not set>
Launcher Type: SUN_STANDARD

[Global flags]
     intx CICompilerCount                          = 12                                        {product} {ergonomic}
     uint ConcGCThreads                            = 3                                         {product} {ergonomic}
     uint G1ConcRefinementThreads                  = 13                                        {product} {ergonomic}
   size_t G1HeapRegionSize                         = 2097152                                   {product} {ergonomic}
    uintx GCDrainStackTargetSize                   = 64                                        {product} {ergonomic}
   size_t InitialHeapSize                          = 268435456                                 {product} {ergonomic}
   size_t MarkStackSize                            = 4194304                                   {product} {ergonomic}
   size_t MaxHeapSize                              = 4280287232                                {product} {ergonomic}
   size_t MinHeapDeltaBytes                        = 2097152                                   {product} {ergonomic}
   size_t MinHeapSize                              = 8388608                                   {product} {ergonomic}
    uintx NonNMethodCodeHeapSize                   = 7602480                                {pd product} {ergonomic}
    uintx NonProfiledCodeHeapSize                  = 122027880                              {pd product} {ergonomic}
    uintx ProfiledCodeHeapSize                     = 122027880                              {pd product} {ergonomic}
    uintx ReservedCodeCacheSize                    = 251658240                              {pd product} {ergonomic}
     bool SegmentedCodeCache                       = true                                      {product} {ergonomic}
   size_t SoftMaxHeapSize                          = 4280287232                             {manageable} {ergonomic}
     bool UseCompressedOops                        = true                           {product lp64_product} {ergonomic}
     bool UseG1GC                                  = true                                      {product} {ergonomic}
     bool UseLargePagesIndividualAllocation        = false                                  {pd product} {ergonomic}

Logging:
Log output configuration:
 #0: stdout all=warning uptime,level,tags foldmultilines=false
 #1: stderr all=off uptime,level,tags foldmultilines=false

Environment Variables:
PATH=C:\Program Files\Common Files\Oracle\Java\javapath;C:\Windows\system32;C:\Windows;C:\Windows\System32\Wbem;C:\Windows\System32\WindowsPowerShell\v1.0\;C:\Windows\System32\OpenSSH\;C:\Program Files\Git\cmd;C:\Program Files\dotnet\;C:\Users\alumno\AppData\Local\Programs\Python\Launcher\;C:\Users\alumno\AppData\Local\Microsoft\WindowsApps;C:\Users\alumno\AppData\Local\Programs\Microsoft VS Code\bin;C:\Program Files\JetBrains\PyCharm 2025.2.2\bin;c:\Users\alumno\.vscode\extensions\ms-python.debugpy-2025.14.1-win32-x64\bundled\scripts\noConfigScripts
USERNAME=alumno
LANG=en_US.UTF-8
OS=Windows_NT
PROCESSOR_IDENTIFIER=AMD64 Family 23 Model 1 Stepping 1, AuthenticAMD
TMP=C:\Users\alumno\AppData\Local\Temp
TEMP=C:\Users\alumno\AppData\Local\Temp




Periodic native trim disabled

---------------  S Y S T E M  ---------------

OS:
 Windows 11 , 64 bit Build 26100 (10.0.26100.5074)
OS uptime: 0 days 2:47 hours

CPU: total 16 (initial active 16) (16 cores per cpu, 2 threads per core) family 23 model 1 stepping 1 microcode 0x8001138, cx8, cmov, fxsr, ht, mmx, 3dnowpref, sse, sse2, sse3, ssse3, sse4a, sse4.1, sse4.2, popcnt, lzcnt, tsc, tscinvbit, avx, avx2, aes, clmul, bmi1, bmi2, adx, sha, fma, vzeroupper, clflush, clflushopt, rdtscp, f16c
Processor Information for all 16 processors :
  Max Mhz: 3600, Current Mhz: 3600, Mhz Limit: 3600

Memory: 4k page, system-wide physical 16320M (2615M free)
TotalPageFile size 16960M (AvailPageFile size 95M)
current process WorkingSet (physical memory assigned to process): 13M, peak: 13M
current process commit charge ("private bytes"): 71M, peak: 326M

vm_info: Java HotSpot(TM) 64-Bit Server VM (21.0.9+7-LTS-338) for windows-amd64 JRE (21.0.9+7-LTS-338), built on 2025-09-26T06:33:49Z by "mach5run" with MS VC++ 17.6 (VS2022)

END.
