#
# There is insufficient memory for the Java Runtime Environment to continue.
# Native memory allocation (malloc) failed to allocate 323696 bytes. Error detail: Chunk::new
# Possible reasons:
#   The system is out of physical RAM or swap space
#   This process is running with CompressedOops enabled, and the Java Heap may be blocking the growth of the native heap
# Possible solutions:
#   Reduce memory load on the system
#   Increase physical memory or swap space
#   Check if swap backing store is full
#   Decrease Java heap size (-Xmx/-Xms)
#   Decrease number of Java threads
#   Decrease Java thread stack sizes (-Xss)
#   Set larger code cache with -XX:ReservedCodeCacheSize=
#   JVM is running with Unscaled Compressed Oops mode in which the Java heap is
#     placed in the first 4GB address space. The Java Heap base address is the
#     maximum limit for the native heap growth. Please use -XX:HeapBaseMinAddress
#     to set the Java Heap base and to place the Java Heap above 4GB virtual address.
# This output file may be truncated or incomplete.
#
#  Out of Memory Error (arena.cpp:168), pid=14668, tid=9720
#
# JRE version: OpenJDK Runtime Environment Temurin-21.0.8+9 (21.0.8+9) (build 21.0.8+9-LTS)
# Java VM: OpenJDK 64-Bit Server VM Temurin-21.0.8+9 (21.0.8+9-LTS, mixed mode, sharing, tiered, compressed oops, compressed class ptrs, parallel gc, windows-amd64)
# No core dump will be written. Minidumps are not enabled by default on client versions of Windows
#

---------------  S U M M A R Y ------------

Command Line: --add-modules=ALL-SYSTEM --add-opens=java.base/java.util=ALL-UNNAMED --add-opens=java.base/java.lang=ALL-UNNAMED --add-opens=java.base/sun.nio.fs=ALL-UNNAMED -Declipse.application=org.eclipse.jdt.ls.core.id1 -Dosgi.bundles.defaultStartLevel=4 -Declipse.product=org.eclipse.jdt.ls.core.product -Djava.import.generatesMetadataFilesAtProjectRoot=false -DDetectVMInstallationsJob.disabled=true -Dfile.encoding=utf8 -XX:+UseParallelGC -XX:GCTimeRatio=4 -XX:AdaptiveSizePolicyWeight=90 -Dsun.zip.disableMemoryMapping=true -Xmx2G -Xms100m -Xlog:disable -javaagent:c:\Users\alumno\.vscode\extensions\redhat.java-1.46.0-win32-x64\lombok\lombok-1.18.39-4050.jar -XX:+HeapDumpOnOutOfMemoryError -XX:HeapDumpPath=c:\Users\alumno\AppData\Roaming\Code\User\workspaceStorage\33328091da32337310086d04c8e9c084\redhat.java -Daether.dependencyCollector.impl=bf c:\Users\alumno\.vscode\extensions\redhat.java-1.46.0-win32-x64\server\plugins\org.eclipse.equinox.launcher_1.7.0.v20250519-0528.jar -configuration c:\Users\alumno\AppData\Roaming\Code\User\globalStorage\redhat.java\1.46.0\config_win -data c:\Users\alumno\AppData\Roaming\Code\User\workspaceStorage\33328091da32337310086d04c8e9c084\redhat.java\jdt_ws --pipe=\\.\pipe\lsp-5953645e518dc35962ae533509d67e81-sock

Host: AMD Ryzen 7 1800X Eight-Core Processor         , 16 cores, 15G,  Windows 11 , 64 bit Build 26100 (10.0.26100.5074)
Time: Tue Oct 21 18:21:11 2025 Hora de verano romance elapsed time: 4.816920 seconds (0d 0h 0m 4s)

---------------  T H R E A D  ---------------

Current thread (0x0000022546d5dfe0):  JavaThread "C2 CompilerThread0" daemon [_thread_in_native, id=9720, stack(0x00000027def00000,0x00000027df000000) (1024K)]


Current CompileTask:
C2:4817 1796       4       java.io.WinNTFileSystem::normalize (143 bytes)

Stack: [0x00000027def00000,0x00000027df000000]
Native frames: (J=compiled Java code, j=interpreted, Vv=VM code, C=native code)
V  [jvm.dll+0x6d2449]
V  [jvm.dll+0x8ae341]
V  [jvm.dll+0x8b08be]
V  [jvm.dll+0x8b0fa3]
V  [jvm.dll+0x280c96]
V  [jvm.dll+0xc581d]
V  [jvm.dll+0xc5d53]
V  [jvm.dll+0x3b9162]
V  [jvm.dll+0x385315]
V  [jvm.dll+0x38477a]
V  [jvm.dll+0x248ed0]
V  [jvm.dll+0x2484af]
V  [jvm.dll+0x1c89ee]
V  [jvm.dll+0x257d4d]
V  [jvm.dll+0x2562ea]
V  [jvm.dll+0x3f2d16]
V  [jvm.dll+0x857e6b]
V  [jvm.dll+0x6d0b0d]
C  [ucrtbase.dll+0x37b0]
C  [KERNEL32.DLL+0x2e8d7]
C  [ntdll.dll+0x8d9c]


---------------  P R O C E S S  ---------------

Threads class SMR info:
_java_thread_list=0x000002254d431840, length=19, elements={
0x000002256d789780, 0x00000225045fd4f0, 0x0000022546d25af0, 0x0000022546d29f50,
0x0000022546d2a6b0, 0x0000022546d2cc70, 0x0000022546d59810, 0x0000022546d5dfe0,
0x0000022546d60a50, 0x0000022546df4750, 0x0000022546ee2710, 0x00000225483f6e30,
0x000002254d3116a0, 0x000002254d013d10, 0x000002254d014370, 0x000002254d103f10,
0x000002254d104860, 0x000002254d0070d0, 0x000002254d41fba0
}

Java Threads: ( => current thread )
  0x000002256d789780 JavaThread "main"                              [_thread_in_native, id=4768, stack(0x00000027de500000,0x00000027de600000) (1024K)]
  0x00000225045fd4f0 JavaThread "Reference Handler"          daemon [_thread_blocked, id=5168, stack(0x00000027de900000,0x00000027dea00000) (1024K)]
  0x0000022546d25af0 JavaThread "Finalizer"                  daemon [_thread_blocked, id=7944, stack(0x00000027dea00000,0x00000027deb00000) (1024K)]
  0x0000022546d29f50 JavaThread "Signal Dispatcher"          daemon [_thread_blocked, id=12780, stack(0x00000027deb00000,0x00000027dec00000) (1024K)]
  0x0000022546d2a6b0 JavaThread "Attach Listener"            daemon [_thread_blocked, id=12220, stack(0x00000027dec00000,0x00000027ded00000) (1024K)]
  0x0000022546d2cc70 JavaThread "Service Thread"             daemon [_thread_blocked, id=2556, stack(0x00000027ded00000,0x00000027dee00000) (1024K)]
  0x0000022546d59810 JavaThread "Monitor Deflation Thread"   daemon [_thread_blocked, id=5812, stack(0x00000027dee00000,0x00000027def00000) (1024K)]
=>0x0000022546d5dfe0 JavaThread "C2 CompilerThread0"         daemon [_thread_in_native, id=9720, stack(0x00000027def00000,0x00000027df000000) (1024K)]
  0x0000022546d60a50 JavaThread "C1 CompilerThread0"         daemon [_thread_blocked, id=15336, stack(0x00000027df000000,0x00000027df100000) (1024K)]
  0x0000022546df4750 JavaThread "C1 CompilerThread1"         daemon [_thread_blocked, id=7416, stack(0x00000027df100000,0x00000027df200000) (1024K)]
  0x0000022546ee2710 JavaThread "Common-Cleaner"             daemon [_thread_blocked, id=4592, stack(0x00000027df400000,0x00000027df500000) (1024K)]
  0x00000225483f6e30 JavaThread "Notification Thread"        daemon [_thread_blocked, id=11460, stack(0x00000027df600000,0x00000027df700000) (1024K)]
  0x000002254d3116a0 JavaThread "Equinox resolver thread - Equinox Container: 0166ae69-3fc7-49f5-92b2-4583ce2a9552" daemon [_thread_blocked, id=8144, stack(0x00000027dfe00000,0x00000027dff00000) (1024K)]
  0x000002254d013d10 JavaThread "Equinox resolver thread - Equinox Container: 0166ae69-3fc7-49f5-92b2-4583ce2a9552" daemon [_thread_blocked, id=13424, stack(0x00000027dff00000,0x00000027e0000000) (1024K)]
  0x000002254d014370 JavaThread "Equinox resolver thread - Equinox Container: 0166ae69-3fc7-49f5-92b2-4583ce2a9552" daemon [_thread_blocked, id=2700, stack(0x00000027e0000000,0x00000027e0100000) (1024K)]
  0x000002254d103f10 JavaThread "Equinox resolver thread - Equinox Container: 0166ae69-3fc7-49f5-92b2-4583ce2a9552" daemon [_thread_blocked, id=2420, stack(0x00000027e0100000,0x00000027e0200000) (1024K)]
  0x000002254d104860 JavaThread "Equinox resolver thread - Equinox Container: 0166ae69-3fc7-49f5-92b2-4583ce2a9552" daemon [_thread_blocked, id=2088, stack(0x00000027e0200000,0x00000027e0300000) (1024K)]
  0x000002254d0070d0 JavaThread "Equinox resolver thread - Equinox Container: 0166ae69-3fc7-49f5-92b2-4583ce2a9552" daemon [_thread_blocked, id=4504, stack(0x00000027e0300000,0x00000027e0400000) (1024K)]
  0x000002254d41fba0 JavaThread "Active Thread: Equinox Container: 0166ae69-3fc7-49f5-92b2-4583ce2a9552"        [_thread_blocked, id=3216, stack(0x00000027e0400000,0x00000027e0500000) (1024K)]
Total: 19

Other Threads:
  0x00000225045e4070 VMThread "VM Thread"                           [id=5148, stack(0x00000027de800000,0x00000027de900000) (1024K)]
  0x00000225044dca00 WatcherThread "VM Periodic Task Thread"        [id=4144, stack(0x00000027de700000,0x00000027de800000) (1024K)]
  0x000002256d7a7980 WorkerThread "GC Thread#0"                     [id=12956, stack(0x00000027de600000,0x00000027de700000) (1024K)]
  0x000002254846ce90 WorkerThread "GC Thread#1"                     [id=2984, stack(0x00000027df800000,0x00000027df900000) (1024K)]
  0x000002254848bb90 WorkerThread "GC Thread#2"                     [id=10064, stack(0x00000027df900000,0x00000027dfa00000) (1024K)]
  0x000002254848b7f0 WorkerThread "GC Thread#3"                     [id=2276, stack(0x00000027dfa00000,0x00000027dfb00000) (1024K)]
  0x000002254848c2d0 WorkerThread "GC Thread#4"                     [id=444, stack(0x00000027dfb00000,0x00000027dfc00000) (1024K)]
  0x000002254848c670 WorkerThread "GC Thread#5"                     [id=4356, stack(0x00000027dfc00000,0x00000027dfd00000) (1024K)]
  0x000002254848ad10 WorkerThread "GC Thread#6"                     [id=4400, stack(0x00000027dfd00000,0x00000027dfe00000) (1024K)]
  0x000002254848b450 WorkerThread "GC Thread#7"                     [id=10632, stack(0x00000027e0500000,0x00000027e0600000) (1024K)]
Total: 10

Threads with active compile tasks:
C2 CompilerThread0  4848 1796       4       java.io.WinNTFileSystem::normalize (143 bytes)
Total: 1

VM state: not at safepoint (normal execution)

VM Mutex/Monitor currently owned by a thread: None

Heap address: 0x0000000080000000, size: 2048 MB, Compressed Oops mode: 32-bit

CDS archive(s) mapped at: [0x0000022505000000-0x0000022505ba0000-0x0000022505ba0000), size 12189696, SharedBaseAddress: 0x0000022505000000, ArchiveRelocationMode: 1.
Compressed class space mapped at: 0x0000022506000000-0x0000022546000000, reserved size: 1073741824
Narrow klass base: 0x0000022505000000, Narrow klass shift: 0, Narrow klass range: 0x100000000

GC Precious Log:
 CardTable entry size: 512
 CPUs: 16 total, 16 available
 Memory: 16320M
 Large Page Support: Disabled
 NUMA Support: Disabled
 Compressed Oops: Enabled (32-bit)
 Alignments: Space 512K, Generation 512K, Heap 2M
 Heap Min Capacity: 100M
 Heap Initial Capacity: 100M
 Heap Max Capacity: 2G
 Pre-touch: Disabled
 Parallel Workers: 13

Heap:
 PSYoungGen      total 29696K, used 5835K [0x00000000d5580000, 0x00000000d7680000, 0x0000000100000000)
  eden space 25600K, 6% used [0x00000000d5580000,0x00000000d5735108,0x00000000d6e80000)
  from space 4096K, 99% used [0x00000000d7280000,0x00000000d767de28,0x00000000d7680000)
  to   space 4096K, 0% used [0x00000000d6e80000,0x00000000d6e80000,0x00000000d7280000)
 ParOldGen       total 68608K, used 32K [0x0000000080000000, 0x0000000084300000, 0x00000000d5580000)
  object space 68608K, 0% used [0x0000000080000000,0x0000000080008000,0x0000000084300000)
 Metaspace       used 8314K, committed 8576K, reserved 1114112K
  class space    used 881K, committed 1024K, reserved 1048576K

Card table byte_map: [0x000002256d130000,0x000002256d540000] _byte_map_base: 0x000002256cd30000

Marking Bits: (ParMarkBitMap*) 0x00007fffb06ba340
 Begin Bits: [0x0000022500000000, 0x0000022502000000)
 End Bits:   [0x0000022502000000, 0x0000022504000000)

Polling page: 0x000002256b7d0000

Metaspace:

Usage:
  Non-class:      7.26 MB used.
      Class:    881.83 KB used.
       Both:      8.12 MB used.

Virtual space:
  Non-class space:       64.00 MB reserved,       7.38 MB ( 12%) committed,  1 nodes.
      Class space:        1.00 GB reserved,       1.00 MB ( <1%) committed,  1 nodes.
             Both:        1.06 GB reserved,       8.38 MB ( <1%) committed. 

Chunk freelists:
   Non-Class:  8.62 MB
       Class:  14.89 MB
        Both:  23.51 MB

MaxMetaspaceSize: unlimited
CompressedClassSpaceSize: 1.00 GB
Initial GC threshold: 21.00 MB
Current GC threshold: 21.00 MB
CDS: on
 - commit_granule_bytes: 65536.
 - commit_granule_words: 8192.
 - virtual_space_node_default_size: 8388608.
 - enlarge_chunks_in_place: 1.
 - use_allocation_guard: 0.


Internal statistics:

num_allocs_failed_limit: 0.
num_arena_births: 224.
num_arena_deaths: 0.
num_vsnodes_births: 2.
num_vsnodes_deaths: 0.
num_space_committed: 134.
num_space_uncommitted: 0.
num_chunks_returned_to_freelist: 0.
num_chunks_taken_from_freelist: 414.
num_chunk_merges: 0.
num_chunk_splits: 270.
num_chunks_enlarged: 188.
num_inconsistent_stats: 0.

CodeHeap 'non-profiled nmethods': size=119168Kb used=676Kb max_used=676Kb free=118491Kb
 bounds [0x0000022578520000, 0x0000022578790000, 0x000002257f980000]
CodeHeap 'profiled nmethods': size=119104Kb used=3251Kb max_used=3251Kb free=115852Kb
 bounds [0x0000022570980000, 0x0000022570cb0000, 0x0000022577dd0000]
CodeHeap 'non-nmethods': size=7488Kb used=1772Kb max_used=2930Kb free=5715Kb
 bounds [0x0000022577dd0000, 0x00000225780c0000, 0x0000022578520000]
CodeCache: size=245760Kb, used=5699Kb, max_used=6857Kb, free=240058Kb
 total_blobs=2279, nmethods=1801, adapters=384, full_count=0
Compilation: enabled, stopped_count=0, restarted_count=0

Compilation events (20 events):
Event: 2.242 Thread 0x0000022546d5dfe0 1792       4       sun.nio.fs.WindowsPathParser::isInvalidPathChar (22 bytes)
Event: 2.243 Thread 0x0000022546d5dfe0 nmethod 1792 0x00000225785c8790 code [0x00000225785c8920, 0x00000225785c8ad8]
Event: 2.495 Thread 0x0000022546df4750 1793       3       sun.net.util.IPAddressUtil::checkUserInfo (44 bytes)
Event: 2.496 Thread 0x0000022546df4750 nmethod 1793 0x0000022570ca2c10 code [0x0000022570ca2ea0, 0x0000022570ca38e8]
Event: 2.778 Thread 0x0000022546df4750 1794       3       java.net.URL::<init> (438 bytes)
Event: 2.778 Thread 0x0000022546d5dfe0 1795       4       java.lang.StringLatin1::inflate (34 bytes)
Event: 2.780 Thread 0x0000022546df4750 nmethod 1794 0x0000022570ca3d90 code [0x0000022570ca4460, 0x0000022570ca77d8]
Event: 2.782 Thread 0x0000022546d5dfe0 nmethod 1795 0x00000225785c8c90 code [0x00000225785c8e20, 0x00000225785c9018]
Event: 2.802 Thread 0x0000022546d5dfe0 1796       4       java.io.WinNTFileSystem::normalize (143 bytes)
Event: 2.804 Thread 0x0000022546d60a50 1797       3       jdk.internal.misc.CarrierThreadLocal::get (10 bytes)
Event: 2.804 Thread 0x0000022546df4750 1798       3       java.lang.System$2::getCarrierThreadLocal (5 bytes)
Event: 2.804 Thread 0x0000022546d60a50 nmethod 1797 0x0000022570ca8c10 code [0x0000022570ca8de0, 0x0000022570ca90a0]
Event: 2.804 Thread 0x0000022546df4750 nmethod 1798 0x0000022570ca9190 code [0x0000022570ca9340, 0x0000022570ca9598]
Event: 2.804 Thread 0x0000022546d60a50 1799       3       java.lang.ThreadLocal::getCarrierThreadLocal (29 bytes)
Event: 2.804 Thread 0x0000022546d60a50 nmethod 1799 0x0000022570ca9690 code [0x0000022570ca9840, 0x0000022570ca99a8]
Event: 2.863 Thread 0x0000022546d60a50 1800       3       java.lang.String::getChars (55 bytes)
Event: 2.863 Thread 0x0000022546df4750 1801       3       java.lang.StringLatin1::getChars (12 bytes)
Event: 2.863 Thread 0x0000022546df4750 nmethod 1801 0x0000022570ca9a90 code [0x0000022570ca9c40, 0x0000022570ca9d68]
Event: 2.863 Thread 0x0000022546d60a50 nmethod 1800 0x0000022570ca9e10 code [0x0000022570caa040, 0x0000022570caa748]
Event: 3.079 Thread 0x0000022546d60a50 1802       3       java.io.File::slashify (84 bytes)

GC Heap History (4 events):
Event: 1.044 GC heap before
{Heap before GC invocations=1 (full 0):
 PSYoungGen      total 29696K, used 25600K [0x00000000d5580000, 0x00000000d7680000, 0x0000000100000000)
  eden space 25600K, 100% used [0x00000000d5580000,0x00000000d6e80000,0x00000000d6e80000)
  from space 4096K, 0% used [0x00000000d7280000,0x00000000d7280000,0x00000000d7680000)
  to   space 4096K, 0% used [0x00000000d6e80000,0x00000000d6e80000,0x00000000d7280000)
 ParOldGen       total 68608K, used 0K [0x0000000080000000, 0x0000000084300000, 0x00000000d5580000)
  object space 68608K, 0% used [0x0000000080000000,0x0000000080000000,0x0000000084300000)
 Metaspace       used 4355K, committed 4608K, reserved 1114112K
  class space    used 475K, committed 576K, reserved 1048576K
}
Event: 1.051 GC heap after
{Heap after GC invocations=1 (full 0):
 PSYoungGen      total 29696K, used 3531K [0x00000000d5580000, 0x00000000d7680000, 0x0000000100000000)
  eden space 25600K, 0% used [0x00000000d5580000,0x00000000d5580000,0x00000000d6e80000)
  from space 4096K, 86% used [0x00000000d6e80000,0x00000000d71f2d90,0x00000000d7280000)
  to   space 4096K, 0% used [0x00000000d7280000,0x00000000d7280000,0x00000000d7680000)
 ParOldGen       total 68608K, used 16K [0x0000000080000000, 0x0000000084300000, 0x00000000d5580000)
  object space 68608K, 0% used [0x0000000080000000,0x0000000080004000,0x0000000084300000)
 Metaspace       used 4355K, committed 4608K, reserved 1114112K
  class space    used 475K, committed 576K, reserved 1048576K
}
Event: 1.471 GC heap before
{Heap before GC invocations=2 (full 0):
 PSYoungGen      total 29696K, used 29131K [0x00000000d5580000, 0x00000000d7680000, 0x0000000100000000)
  eden space 25600K, 100% used [0x00000000d5580000,0x00000000d6e80000,0x00000000d6e80000)
  from space 4096K, 86% used [0x00000000d6e80000,0x00000000d71f2d90,0x00000000d7280000)
  to   space 4096K, 0% used [0x00000000d7280000,0x00000000d7280000,0x00000000d7680000)
 ParOldGen       total 68608K, used 16K [0x0000000080000000, 0x0000000084300000, 0x00000000d5580000)
  object space 68608K, 0% used [0x0000000080000000,0x0000000080004000,0x0000000084300000)
 Metaspace       used 8235K, committed 8576K, reserved 1114112K
  class space    used 871K, committed 1024K, reserved 1048576K
}
Event: 1.476 GC heap after
{Heap after GC invocations=2 (full 0):
 PSYoungGen      total 29696K, used 4087K [0x00000000d5580000, 0x00000000d7680000, 0x0000000100000000)
  eden space 25600K, 0% used [0x00000000d5580000,0x00000000d5580000,0x00000000d6e80000)
  from space 4096K, 99% used [0x00000000d7280000,0x00000000d767de28,0x00000000d7680000)
  to   space 4096K, 0% used [0x00000000d6e80000,0x00000000d6e80000,0x00000000d7280000)
 ParOldGen       total 68608K, used 32K [0x0000000080000000, 0x0000000084300000, 0x00000000d5580000)
  object space 68608K, 0% used [0x0000000080000000,0x0000000080008000,0x0000000084300000)
 Metaspace       used 8235K, committed 8576K, reserved 1114112K
  class space    used 871K, committed 1024K, reserved 1048576K
}

Dll operation events (8 events):
Event: 0.010 Loaded shared library c:\Users\alumno\.vscode\extensions\redhat.java-1.46.0-win32-x64\jre\21.0.8-win32-x86_64\bin\java.dll
Event: 0.262 Loaded shared library c:\Users\alumno\.vscode\extensions\redhat.java-1.46.0-win32-x64\jre\21.0.8-win32-x86_64\bin\zip.dll
Event: 0.307 Loaded shared library C:\Users\alumno\.vscode\extensions\redhat.java-1.46.0-win32-x64\jre\21.0.8-win32-x86_64\bin\instrument.dll
Event: 0.321 Loaded shared library C:\Users\alumno\.vscode\extensions\redhat.java-1.46.0-win32-x64\jre\21.0.8-win32-x86_64\bin\net.dll
Event: 0.334 Loaded shared library C:\Users\alumno\.vscode\extensions\redhat.java-1.46.0-win32-x64\jre\21.0.8-win32-x86_64\bin\nio.dll
Event: 0.338 Loaded shared library C:\Users\alumno\.vscode\extensions\redhat.java-1.46.0-win32-x64\jre\21.0.8-win32-x86_64\bin\zip.dll
Event: 0.380 Loaded shared library C:\Users\alumno\.vscode\extensions\redhat.java-1.46.0-win32-x64\jre\21.0.8-win32-x86_64\bin\jimage.dll
Event: 0.468 Loaded shared library c:\Users\alumno\.vscode\extensions\redhat.java-1.46.0-win32-x64\jre\21.0.8-win32-x86_64\bin\verify.dll

Deoptimization events (20 events):
Event: 1.294 Thread 0x000002256d789780 DEOPT PACKING pc=0x0000022578558ad0 sp=0x00000027de5f8820
Event: 1.294 Thread 0x000002256d789780 DEOPT UNPACKING pc=0x0000022577e23aa2 sp=0x00000027de5f87d0 mode 2
Event: 1.307 Thread 0x000002256d789780 Uncommon trap: trap_request=0xffffff45 fr.pc=0x00000225785a9280 relative=0x0000000000000fa0
Event: 1.307 Thread 0x000002256d789780 Uncommon trap: reason=unstable_if action=reinterpret pc=0x00000225785a9280 method=jdk.internal.jimage.ImageStringsReader.stringFromByteBufferMatches(Ljava/nio/ByteBuffer;ILjava/lang/String;I)I @ 48 c2
Event: 1.307 Thread 0x000002256d789780 DEOPT PACKING pc=0x00000225785a9280 sp=0x00000027de5f7300
Event: 1.307 Thread 0x000002256d789780 DEOPT UNPACKING pc=0x0000022577e23aa2 sp=0x00000027de5f7038 mode 2
Event: 1.344 Thread 0x000002256d789780 Uncommon trap: trap_request=0xffffff45 fr.pc=0x0000022578558148 relative=0x0000000000000308
Event: 1.344 Thread 0x000002256d789780 Uncommon trap: reason=unstable_if action=reinterpret pc=0x0000022578558148 method=java.util.HashMap$HashIterator.<init>(Ljava/util/HashMap;)V @ 45 c2
Event: 1.344 Thread 0x000002256d789780 DEOPT PACKING pc=0x0000022578558148 sp=0x00000027de5fe930
Event: 1.344 Thread 0x000002256d789780 DEOPT UNPACKING pc=0x0000022577e23aa2 sp=0x00000027de5fe7f8 mode 2
Event: 1.443 Thread 0x000002256d789780 Uncommon trap: trap_request=0xffffffde fr.pc=0x000002257858c584 relative=0x0000000000000924
Event: 1.443 Thread 0x000002256d789780 Uncommon trap: reason=class_check action=maybe_recompile pc=0x000002257858c584 method=java.util.HashMap.putVal(ILjava/lang/Object;Ljava/lang/Object;ZZ)Ljava/lang/Object; @ 253 c2
Event: 1.443 Thread 0x000002256d789780 DEOPT PACKING pc=0x000002257858c584 sp=0x00000027de5fe520
Event: 1.443 Thread 0x000002256d789780 DEOPT UNPACKING pc=0x0000022577e23aa2 sp=0x00000027de5fe4b0 mode 2
Event: 1.445 Thread 0x000002256d789780 Uncommon trap: trap_request=0xffffffde fr.pc=0x000002257858c584 relative=0x0000000000000924
Event: 1.445 Thread 0x000002256d789780 Uncommon trap: reason=class_check action=maybe_recompile pc=0x000002257858c584 method=java.util.HashMap.putVal(ILjava/lang/Object;Ljava/lang/Object;ZZ)Ljava/lang/Object; @ 253 c2
Event: 1.445 Thread 0x000002256d789780 DEOPT PACKING pc=0x000002257858c584 sp=0x00000027de5fe520
Event: 1.445 Thread 0x000002256d789780 DEOPT UNPACKING pc=0x0000022577e23aa2 sp=0x00000027de5fe4b0 mode 2
Event: 2.778 Thread 0x000002256d789780 DEOPT PACKING pc=0x0000022570b4f243 sp=0x00000027de5fea90
Event: 2.778 Thread 0x000002256d789780 DEOPT UNPACKING pc=0x0000022577e24242 sp=0x00000027de5fdf30 mode 0

Classes loaded (20 events):
Event: 1.445 Loading class java/util/ConcurrentModificationException
Event: 1.445 Loading class java/util/ConcurrentModificationException done
Event: 1.453 Loading class java/net/ContentHandler
Event: 1.453 Loading class java/net/ContentHandler done
Event: 1.456 Loading class java/net/UrlDeserializedState
Event: 1.456 Loading class java/net/UrlDeserializedState done
Event: 1.456 Loading class java/lang/reflect/InaccessibleObjectException
Event: 1.456 Loading class java/lang/reflect/InaccessibleObjectException done
Event: 1.458 Loading class java/lang/StackWalker$Option
Event: 1.458 Loading class java/lang/StackWalker$Option done
Event: 1.469 Loading class javax/xml/parsers/ParserConfigurationException
Event: 1.469 Loading class javax/xml/parsers/ParserConfigurationException done
Event: 1.471 Loading class java/security/KeyStoreException
Event: 1.471 Loading class java/security/KeyStoreException done
Event: 1.478 Loading class java/lang/Thread$Builder$OfPlatform
Event: 1.478 Loading class java/lang/Thread$Builder
Event: 1.478 Loading class java/lang/Thread$Builder done
Event: 1.478 Loading class java/lang/Thread$Builder$OfPlatform done
Event: 1.478 Loading class java/lang/Thread$Builder$OfVirtual
Event: 1.478 Loading class java/lang/Thread$Builder$OfVirtual done

Classes unloaded (0 events):
No events

Classes redefined (0 events):
No events

Internal exceptions (20 events):
Event: 1.020 Thread 0x000002256d789780 Exception <a 'java/lang/NoSuchMethodError'{0x00000000d6c4ea60}: 'java.lang.ClassLoader java.lang.ClassLoader.getPlatformClassLoader(java.lang.Class)'> (0x00000000d6c4ea60) 
thrown [s\src\hotspot\share\interpreter\linkResolver.cpp, line 773]
Event: 1.080 Thread 0x000002256d789780 Exception <a 'java/lang/ClassNotFoundException'{0x00000000d5869e08}: sun/net/www/protocol/c/Handler> (0x00000000d5869e08) 
thrown [s\src\hotspot\share\classfile\systemDictionary.cpp, line 312]
Event: 1.080 Thread 0x000002256d789780 Exception <a 'java/lang/ClassNotFoundException'{0x00000000d586b198}: sun/net/www/protocol/c/Handler> (0x00000000d586b198) 
thrown [s\src\hotspot\share\classfile\systemDictionary.cpp, line 312]
Event: 1.080 Thread 0x000002256d789780 Exception <a 'java/lang/ClassNotFoundException'{0x00000000d586c358}: sun/net/www/protocol/c/Handler> (0x00000000d586c358) 
thrown [s\src\hotspot\share\classfile\systemDictionary.cpp, line 312]
Event: 1.087 Thread 0x000002256d789780 Exception <a 'java/io/FileNotFoundException'{0x00000000d5894948}> (0x00000000d5894948) 
thrown [s\src\hotspot\share\prims\jni.cpp, line 520]
Event: 1.111 Thread 0x000002256d789780 Implicit null exception at 0x0000022578565949 to 0x00000225785662bc
Event: 1.111 Thread 0x000002256d789780 Implicit null exception at 0x0000022578589a1a to 0x0000022578589c20
Event: 1.111 Thread 0x000002256d789780 Exception <a 'java/lang/NoSuchMethodError'{0x00000000d59c1f10}: 'void java.lang.invoke.DirectMethodHandle$Holder.invokeStatic(java.lang.Object, java.lang.Object, java.lang.Object, java.lang.Object)'> (0x00000000d59c1f10) 
thrown [s\src\hotspot\share\interpreter\linkResolver.cpp, line 773]
Event: 1.112 Thread 0x000002256d789780 Implicit null exception at 0x000002257857a93c to 0x000002257857abc8
Event: 1.112 Thread 0x000002256d789780 Implicit null exception at 0x000002257857d7bd to 0x000002257857d841
Event: 1.199 Thread 0x000002256d789780 Exception <a 'java/lang/NoSuchMethodError'{0x00000000d5e41230}: 'int java.lang.invoke.DirectMethodHandle$Holder.invokeVirtual(java.lang.Object, java.lang.Object)'> (0x00000000d5e41230) 
thrown [s\src\hotspot\share\interpreter\linkResolver.cpp, line 773]
Event: 1.387 Thread 0x000002256d789780 Exception <a 'java/lang/IncompatibleClassChangeError'{0x00000000d68a5f40}: Found class java.lang.Object, but interface was expected> (0x00000000d68a5f40) 
thrown [s\src\hotspot\share\interpreter\linkResolver.cpp, line 840]
Event: 1.388 Thread 0x000002256d789780 Exception <a 'java/lang/NoSuchMethodError'{0x00000000d68aea40}: 'void java.lang.invoke.DirectMethodHandle$Holder.invokeInterface(java.lang.Object, java.lang.Object, java.lang.Object)'> (0x00000000d68aea40) 
thrown [s\src\hotspot\share\interpreter\linkResolver.cpp, line 773]
Event: 1.407 Thread 0x000002256d789780 Exception <a 'java/lang/NoSuchMethodError'{0x00000000d6a20350}: 'int java.lang.invoke.DirectMethodHandle$Holder.invokeStaticInit(java.lang.Object, java.lang.Object, java.lang.Object, java.lang.Object)'> (0x00000000d6a20350) 
thrown [s\src\hotspot\share\interpreter\linkResolver.cpp, line 773]
Event: 1.409 Thread 0x000002256d789780 Exception <a 'java/lang/NoSuchMethodError'{0x00000000d6a2a9e0}: 'void java.lang.invoke.DirectMethodHandle$Holder.invokeStaticInit(java.lang.Object, java.lang.Object)'> (0x00000000d6a2a9e0) 
thrown [s\src\hotspot\share\interpreter\linkResolver.cpp, line 773]
Event: 1.410 Thread 0x000002256d789780 Exception <a 'java/lang/NoSuchMethodError'{0x00000000d6a2ff00}: 'int java.lang.invoke.DirectMethodHandle$Holder.invokeStaticInit(java.lang.Object, java.lang.Object)'> (0x00000000d6a2ff00) 
thrown [s\src\hotspot\share\interpreter\linkResolver.cpp, line 773]
Event: 1.436 Thread 0x000002256d789780 Exception <a 'java/lang/NoSuchMethodError'{0x00000000d6c20c28}: 'java.lang.Object java.lang.invoke.DirectMethodHandle$Holder.newInvokeSpecial(java.lang.Object, int, java.lang.Object)'> (0x00000000d6c20c28) 
thrown [s\src\hotspot\share\interpreter\linkResolver.cpp, line 773]
Event: 1.459 Thread 0x000002256d789780 Exception <a 'java/lang/ClassNotFoundException'{0x00000000d6d9d550}: sun/net/www/protocol/plurl/Handler> (0x00000000d6d9d550) 
thrown [s\src\hotspot\share\classfile\systemDictionary.cpp, line 312]
Event: 1.459 Thread 0x000002256d789780 Exception <a 'java/lang/ClassNotFoundException'{0x00000000d6d9e3d0}: sun/net/www/protocol/plurl/Handler> (0x00000000d6d9e3d0) 
thrown [s\src\hotspot\share\classfile\systemDictionary.cpp, line 312]
Event: 1.463 Thread 0x000002256d789780 Exception <a 'java/lang/NoSuchMethodError'{0x00000000d6dde258}: 'void java.lang.invoke.DirectMethodHandle$Holder.invokeSpecial(java.lang.Object, java.lang.Object, java.lang.Object)'> (0x00000000d6dde258) 
thrown [s\src\hotspot\share\interpreter\linkResolver.cpp, line 773]

ZGC Phase Switch (0 events):
No events

VM Operations (20 events):
Event: 0.752 Executing VM operation: HandshakeAllThreads (Deoptimize) done
Event: 0.767 Executing VM operation: HandshakeAllThreads (Deoptimize)
Event: 0.767 Executing VM operation: HandshakeAllThreads (Deoptimize) done
Event: 1.044 Executing VM operation: ParallelGCFailedAllocation (Allocation Failure)
Event: 1.051 Executing VM operation: ParallelGCFailedAllocation (Allocation Failure) done
Event: 1.066 Executing VM operation: HandshakeAllThreads (Deoptimize)
Event: 1.066 Executing VM operation: HandshakeAllThreads (Deoptimize) done
Event: 1.102 Executing VM operation: HandshakeAllThreads (Deoptimize)
Event: 1.102 Executing VM operation: HandshakeAllThreads (Deoptimize) done
Event: 1.345 Executing VM operation: HandshakeAllThreads (Deoptimize)
Event: 1.345 Executing VM operation: HandshakeAllThreads (Deoptimize) done
Event: 1.423 Executing VM operation: HandshakeAllThreads (Deoptimize)
Event: 1.424 Executing VM operation: HandshakeAllThreads (Deoptimize) done
Event: 1.457 Executing VM operation: HandshakeAllThreads (Deoptimize)
Event: 1.457 Executing VM operation: HandshakeAllThreads (Deoptimize) done
Event: 1.462 Executing VM operation: ICBufferFull
Event: 1.462 Executing VM operation: ICBufferFull done
Event: 1.471 Executing VM operation: ParallelGCFailedAllocation (Allocation Failure)
Event: 1.476 Executing VM operation: ParallelGCFailedAllocation (Allocation Failure) done
Event: 3.476 Executing VM operation: Cleanup

Memory protections (0 events):
No events

Nmethod flushes (0 events):
No events

Events (20 events):
Event: 0.119 Thread 0x000002256d789780 Thread added: 0x0000022546d5dfe0
Event: 0.119 Thread 0x000002256d789780 Thread added: 0x0000022546d60a50
Event: 0.129 Thread 0x0000022546d60a50 Thread added: 0x0000022546df4750
Event: 0.129 Thread 0x0000022546d60a50 Thread added: 0x0000022546df5200
Event: 0.129 Thread 0x0000022546d60a50 Thread added: 0x0000022546df7830
Event: 0.147 Thread 0x000002256d789780 Thread added: 0x0000022546ee2710
Event: 0.269 Thread 0x0000022546d5dfe0 Thread added: 0x0000022546eef690
Event: 0.566 Thread 0x000002256d789780 Thread added: 0x00000225483f6e30
Event: 0.693 Thread 0x0000022546df5200 Thread added: 0x00000225485b9a90
Event: 1.378 Thread 0x000002256d789780 Thread added: 0x000002254d3116a0
Event: 1.378 Thread 0x000002254d3116a0 Thread added: 0x000002254d013d10
Event: 1.381 Thread 0x000002256d789780 Thread added: 0x000002254d014370
Event: 1.383 Thread 0x000002256d789780 Thread added: 0x000002254d103f10
Event: 1.384 Thread 0x000002256d789780 Thread added: 0x000002254d104860
Event: 1.385 Thread 0x000002256d789780 Thread added: 0x000002254d0070d0
Event: 1.416 Thread 0x000002256d789780 Thread added: 0x000002254d41fba0
Event: 1.826 Thread 0x00000225485b9a90 Thread exited: 0x00000225485b9a90
Event: 1.826 Thread 0x0000022546eef690 Thread exited: 0x0000022546eef690
Event: 2.778 Thread 0x0000022546df7830 Thread exited: 0x0000022546df7830
Event: 2.778 Thread 0x0000022546df5200 Thread exited: 0x0000022546df5200


Dynamic libraries:
0x00007ff77c360000 - 0x00007ff77c36e000 	c:\Users\alumno\.vscode\extensions\redhat.java-1.46.0-win32-x64\jre\21.0.8-win32-x86_64\bin\java.exe
0x00007ff847ac0000 - 0x00007ff847d29000 	C:\Windows\SYSTEM32\ntdll.dll
0x00007ff846050000 - 0x00007ff846119000 	C:\Windows\System32\KERNEL32.DLL
0x00007ff844c50000 - 0x00007ff845043000 	C:\Windows\System32\KERNELBASE.dll
0x00007ff845740000 - 0x00007ff84588b000 	C:\Windows\System32\ucrtbase.dll
0x00007ff822d20000 - 0x00007ff822d38000 	c:\Users\alumno\.vscode\extensions\redhat.java-1.46.0-win32-x64\jre\21.0.8-win32-x86_64\bin\jli.dll
0x00007ff826a80000 - 0x00007ff826a9e000 	c:\Users\alumno\.vscode\extensions\redhat.java-1.46.0-win32-x64\jre\21.0.8-win32-x86_64\bin\VCRUNTIME140.dll
0x00007ff847670000 - 0x00007ff847834000 	C:\Windows\System32\USER32.dll
0x00007ff8370f0000 - 0x00007ff837383000 	C:\Windows\WinSxS\amd64_microsoft.windows.common-controls_6595b64144ccf1df_6.0.26100.5074_none_3e0d6f78e32fd63f\COMCTL32.dll
0x00007ff845440000 - 0x00007ff845467000 	C:\Windows\System32\win32u.dll
0x00007ff8462d0000 - 0x00007ff846379000 	C:\Windows\System32\msvcrt.dll
0x00007ff8479d0000 - 0x00007ff8479fb000 	C:\Windows\System32\GDI32.dll
0x00007ff845310000 - 0x00007ff84543d000 	C:\Windows\System32\gdi32full.dll
0x00007ff845690000 - 0x00007ff845733000 	C:\Windows\System32\msvcp_win.dll
0x00007ff846290000 - 0x00007ff8462bf000 	C:\Windows\System32\IMM32.DLL
0x00007ff8277d0000 - 0x00007ff8277dc000 	c:\Users\alumno\.vscode\extensions\redhat.java-1.46.0-win32-x64\jre\21.0.8-win32-x86_64\bin\vcruntime140_1.dll
0x00007ffff8cb0000 - 0x00007ffff8d3d000 	c:\Users\alumno\.vscode\extensions\redhat.java-1.46.0-win32-x64\jre\21.0.8-win32-x86_64\bin\msvcp140.dll
0x00007fffafa00000 - 0x00007fffb0797000 	c:\Users\alumno\.vscode\extensions\redhat.java-1.46.0-win32-x64\jre\21.0.8-win32-x86_64\bin\server\jvm.dll
0x00007ff847360000 - 0x00007ff847414000 	C:\Windows\System32\ADVAPI32.dll
0x00007ff847840000 - 0x00007ff8478e6000 	C:\Windows\System32\sechost.dll
0x00007ff845890000 - 0x00007ff8459a8000 	C:\Windows\System32\RPCRT4.dll
0x00007ff8459b0000 - 0x00007ff845a24000 	C:\Windows\System32\WS2_32.dll
0x00007ff844ab0000 - 0x00007ff844b0e000 	C:\Windows\SYSTEM32\POWRPROF.dll
0x00007ff839c90000 - 0x00007ff839cc5000 	C:\Windows\SYSTEM32\WINMM.dll
0x00007ff83efa0000 - 0x00007ff83efab000 	C:\Windows\SYSTEM32\VERSION.dll
0x00007ff844a90000 - 0x00007ff844aa4000 	C:\Windows\SYSTEM32\UMPDC.dll
0x00007ff843a30000 - 0x00007ff843a4b000 	C:\Windows\SYSTEM32\kernel.appcore.dll
0x00007ff825c90000 - 0x00007ff825c9a000 	c:\Users\alumno\.vscode\extensions\redhat.java-1.46.0-win32-x64\jre\21.0.8-win32-x86_64\bin\jimage.dll
0x00007ff837390000 - 0x00007ff8375d2000 	C:\Windows\SYSTEM32\DBGHELP.DLL
0x00007ff846fe0000 - 0x00007ff84735b000 	C:\Windows\System32\combase.dll
0x00007ff846150000 - 0x00007ff846227000 	C:\Windows\System32\OLEAUT32.dll
0x00007ff82d8f0000 - 0x00007ff82d92d000 	C:\Windows\SYSTEM32\dbgcore.DLL
0x00007ff8455f0000 - 0x00007ff845689000 	C:\Windows\System32\bcryptPrimitives.dll
0x00007ff821b20000 - 0x00007ff821b2f000 	c:\Users\alumno\.vscode\extensions\redhat.java-1.46.0-win32-x64\jre\21.0.8-win32-x86_64\bin\instrument.dll
0x00007ff81eca0000 - 0x00007ff81ecbf000 	c:\Users\alumno\.vscode\extensions\redhat.java-1.46.0-win32-x64\jre\21.0.8-win32-x86_64\bin\java.dll
0x00007ff846380000 - 0x00007ff846acd000 	C:\Windows\System32\SHELL32.dll
0x00007ff8451a0000 - 0x00007ff84530c000 	C:\Windows\System32\wintypes.dll
0x00007ff8428f0000 - 0x00007ff843149000 	C:\Windows\SYSTEM32\windows.storage.dll
0x00007ff847420000 - 0x00007ff847510000 	C:\Windows\System32\SHCORE.dll
0x00007ff8478f0000 - 0x00007ff847952000 	C:\Windows\System32\shlwapi.dll
0x00007ff844b70000 - 0x00007ff844b99000 	C:\Windows\SYSTEM32\profapi.dll
0x00007ff81ebd0000 - 0x00007ff81ebe8000 	c:\Users\alumno\.vscode\extensions\redhat.java-1.46.0-win32-x64\jre\21.0.8-win32-x86_64\bin\zip.dll
0x00007ff81f8a0000 - 0x00007ff81f8b0000 	C:\Users\alumno\.vscode\extensions\redhat.java-1.46.0-win32-x64\jre\21.0.8-win32-x86_64\bin\net.dll
0x00007ff83f490000 - 0x00007ff83f5af000 	C:\Windows\SYSTEM32\WINHTTP.dll
0x00007ff843fb0000 - 0x00007ff84401b000 	C:\Windows\system32\mswsock.dll
0x00007ff81cff0000 - 0x00007ff81d006000 	C:\Users\alumno\.vscode\extensions\redhat.java-1.46.0-win32-x64\jre\21.0.8-win32-x86_64\bin\nio.dll
0x00007ff81ed40000 - 0x00007ff81ed50000 	c:\Users\alumno\.vscode\extensions\redhat.java-1.46.0-win32-x64\jre\21.0.8-win32-x86_64\bin\verify.dll

JVMTI agents:
c:\Users\alumno\.vscode\extensions\redhat.java-1.46.0-win32-x64\lombok\lombok-1.18.39-4050.jar path:c:\Users\alumno\.vscode\extensions\redhat.java-1.46.0-win32-x64\jre\21.0.8-win32-x86_64\bin\instrument.dll, loaded, initialized, instrumentlib options:none

dbghelp: loaded successfully - version: 4.0.5 - missing functions: none
symbol engine: initialized successfully - sym options: 0x614 - pdb path: .;c:\Users\alumno\.vscode\extensions\redhat.java-1.46.0-win32-x64\jre\21.0.8-win32-x86_64\bin;C:\Windows\SYSTEM32;C:\Windows\WinSxS\amd64_microsoft.windows.common-controls_6595b64144ccf1df_6.0.26100.5074_none_3e0d6f78e32fd63f;c:\Users\alumno\.vscode\extensions\redhat.java-1.46.0-win32-x64\jre\21.0.8-win32-x86_64\bin\server

VM Arguments:
jvm_args: --add-modules=ALL-SYSTEM --add-opens=java.base/java.util=ALL-UNNAMED --add-opens=java.base/java.lang=ALL-UNNAMED --add-opens=java.base/sun.nio.fs=ALL-UNNAMED -Declipse.application=org.eclipse.jdt.ls.core.id1 -Dosgi.bundles.defaultStartLevel=4 -Declipse.product=org.eclipse.jdt.ls.core.product -Djava.import.generatesMetadataFilesAtProjectRoot=false -DDetectVMInstallationsJob.disabled=true -Dfile.encoding=utf8 -XX:+UseParallelGC -XX:GCTimeRatio=4 -XX:AdaptiveSizePolicyWeight=90 -Dsun.zip.disableMemoryMapping=true -Xmx2G -Xms100m -Xlog:disable -javaagent:c:\Users\alumno\.vscode\extensions\redhat.java-1.46.0-win32-x64\lombok\lombok-1.18.39-4050.jar -XX:+HeapDumpOnOutOfMemoryError -XX:HeapDumpPath=c:\Users\alumno\AppData\Roaming\Code\User\workspaceStorage\33328091da32337310086d04c8e9c084\redhat.java -Daether.dependencyCollector.impl=bf 
java_command: c:\Users\alumno\.vscode\extensions\redhat.java-1.46.0-win32-x64\server\plugins\org.eclipse.equinox.launcher_1.7.0.v20250519-0528.jar -configuration c:\Users\alumno\AppData\Roaming\Code\User\globalStorage\redhat.java\1.46.0\config_win -data c:\Users\alumno\AppData\Roaming\Code\User\workspaceStorage\33328091da32337310086d04c8e9c084\redhat.java\jdt_ws --pipe=\\.\pipe\lsp-5953645e518dc35962ae533509d67e81-sock
java_class_path (initial): c:\Users\alumno\.vscode\extensions\redhat.java-1.46.0-win32-x64\server\plugins\org.eclipse.equinox.launcher_1.7.0.v20250519-0528.jar
Launcher Type: SUN_STANDARD

[Global flags]
    uintx AdaptiveSizePolicyWeight                 = 90                                        {product} {command line}
     intx CICompilerCount                          = 12                                        {product} {ergonomic}
    uintx GCTimeRatio                              = 4                                         {product} {command line}
     bool HeapDumpOnOutOfMemoryError               = true                                   {manageable} {command line}
    ccstr HeapDumpPath                             = c:\Users\alumno\AppData\Roaming\Code\User\workspaceStorage\33328091da32337310086d04c8e9c084\redhat.java         {manageable} {command line}
   size_t InitialHeapSize                          = 104857600                                 {product} {command line}
   size_t MaxHeapSize                              = 2147483648                                {product} {command line}
   size_t MaxNewSize                               = 715653120                                 {product} {ergonomic}
   size_t MinHeapDeltaBytes                        = 524288                                    {product} {ergonomic}
   size_t MinHeapSize                              = 104857600                                 {product} {command line}
   size_t NewSize                                  = 34603008                                  {product} {ergonomic}
    uintx NonNMethodCodeHeapSize                   = 7602480                                {pd product} {ergonomic}
    uintx NonProfiledCodeHeapSize                  = 122027880                              {pd product} {ergonomic}
   size_t OldSize                                  = 70254592                                  {product} {ergonomic}
    uintx ProfiledCodeHeapSize                     = 122027880                              {pd product} {ergonomic}
    uintx ReservedCodeCacheSize                    = 251658240                              {pd product} {ergonomic}
     bool SegmentedCodeCache                       = true                                      {product} {ergonomic}
   size_t SoftMaxHeapSize                          = 2147483648                             {manageable} {ergonomic}
     bool UseCompressedOops                        = true                           {product lp64_product} {ergonomic}
     bool UseLargePagesIndividualAllocation        = false                                  {pd product} {ergonomic}
     bool UseParallelGC                            = true                                      {product} {command line}

Logging:
Log output configuration:
 #0: stdout all=off uptime,level,tags foldmultilines=false
 #1: stderr all=off uptime,level,tags foldmultilines=false

Environment Variables:
PATH=C:\Program Files\Common Files\Oracle\Java\javapath;C:\Windows\system32;C:\Windows;C:\Windows\System32\Wbem;C:\Windows\System32\WindowsPowerShell\v1.0\;C:\Windows\System32\OpenSSH\;C:\Program Files\Git\cmd;C:\Program Files\dotnet\;C:\Users\alumno\AppData\Local\Programs\Python\Launcher\;C:\Users\alumno\AppData\Local\Microsoft\WindowsApps;C:\Users\alumno\AppData\Local\Programs\Microsoft VS Code\bin;C:\Program Files\JetBrains\PyCharm 2025.2.2\bin
USERNAME=alumno
OS=Windows_NT
PROCESSOR_IDENTIFIER=AMD64 Family 23 Model 1 Stepping 1, AuthenticAMD
TMP=C:\Users\alumno\AppData\Local\Temp
TEMP=C:\Users\alumno\AppData\Local\Temp




Periodic native trim disabled

---------------  S Y S T E M  ---------------

OS:
 Windows 11 , 64 bit Build 26100 (10.0.26100.5074)
OS uptime: 0 days 2:47 hours

CPU: total 16 (initial active 16) (16 cores per cpu, 2 threads per core) family 23 model 1 stepping 1 microcode 0x8001138, cx8, cmov, fxsr, ht, mmx, 3dnowpref, sse, sse2, sse3, ssse3, sse4a, sse4.1, sse4.2, popcnt, lzcnt, tsc, tscinvbit, avx, avx2, aes, clmul, bmi1, bmi2, adx, sha, fma, vzeroupper, clflush, clflushopt, rdtscp, f16c
Processor Information for the first 16 processors :
  Max Mhz: 3600, Current Mhz: 3600, Mhz Limit: 3600

Memory: 4k page, system-wide physical 16320M (2698M free)
TotalPageFile size 16960M (AvailPageFile size 4M)
current process WorkingSet (physical memory assigned to process): 97M, peak: 97M
current process commit charge ("private bytes"): 259M, peak: 260M

vm_info: OpenJDK 64-Bit Server VM (21.0.8+9-LTS) for windows-amd64 JRE (21.0.8+9-LTS), built on 2025-07-15T00:00:00Z by "admin" with MS VC++ 17.7 (VS2022)

END.
